
[1m[46m RUN [49m[22m [36mv4.0.18 [39m[90mC:/Users/alexa/Workspaces/IronForge[39m

 [32mÔ£ô[39m mcp/factory-server/src/__tests__/quota-manager.test.ts [2m([22m[2m10 tests[22m[2m)[22m[32m 86[2mms[22m[39m
 [31mÔØ»[39m mcp/factory-server/src/__tests__/index.test.ts [2m([22m[2m2 tests[22m[2m | [22m[31m2 failed[39m[2m)[22m[32m 11[2mms[22m[39m
[31m     [31m├ù[31m should signal Antigravity when available[39m[32m 7[2mms[22m[39m
[31m     [31m├ù[31m should fallback to GitHub Actions when Antigravity is unavailable[39m[32m 1[2mms[22m[39m
[90mstdout[2m | tests/integration/strava-webhook.test.ts[2m > [22m[2mStrava Webhook Integration[2m > [22m[2mGET Verification[2m > [22m[2mshould verify with correct token
[22m[39mStrava Webhook Verified

[90mstdout[2m | tests/integration/strava-webhook.test.ts[2m > [22m[2mStrava Webhook Integration[2m > [22m[2mPOST Event Handling[2m > [22m[2mshould process new activity event
[22m[39mStrava Webhook Event: {
  object_type: [32m'activity'[39m,
  aspect_type: [32m'create'[39m,
  object_id: [33m12345[39m,
  owner_id: [33m999[39m
}

[90mstdout[2m | tests/integration/strava-webhook.test.ts[2m > [22m[2mStrava Webhook Integration[2m > [22m[2mPOST Event Handling[2m > [22m[2mshould refresh token if expired
[22m[39mStrava Webhook Event: {
  object_type: [32m'activity'[39m,
  aspect_type: [32m'create'[39m,
  object_id: [33m12345[39m,
  owner_id: [33m999[39m
}

 [32mÔ£ô[39m tests/integration/strava-webhook.test.ts [2m([22m[2m4 tests[22m[2m)[22m[32m 133[2mms[22m[39m
 [32mÔ£ô[39m tests/unit/features/strength/useSetHistory.test.ts [2m([22m[2m5 tests[22m[2m)[22m[32m 279[2mms[22m[39m
 [32mÔ£ô[39m tests/unit/features/dashboard/FeedPanel.test.tsx [2m([22m[2m5 tests[22m[2m)[22m[32m 95[2mms[22m[39m
 [32mÔ£ô[39m tests/unit/actions/guild/raids.test.ts [2m([22m[2m13 tests[22m[2m)[22m[32m 81[2mms[22m[39m
 [32mÔ£ô[39m tests/unit/components/marketing/Pricing.test.tsx [2m([22m[2m4 tests[22m[2m)[22m[33m 552[2mms[22m[39m
     [33m[2mÔ£ô[22m[39m renders CTA links correctly [33m 384[2mms[22m[39m
 [32mÔ£ô[39m tests/unit/components/marketing/FeatureGrid.test.tsx [2m([22m[2m3 tests[22m[2m)[22m[32m 193[2mms[22m[39m
 [32mÔ£ô[39m src/features/game/components/__tests__/SkillTree.test.tsx [2m([22m[2m2 tests[22m[2m)[22m[32m 131[2mms[22m[39m
 [32mÔ£ô[39m tests/unit/components/marketing/Hero.test.tsx [2m([22m[2m4 tests[22m[2m)[22m[33m 530[2mms[22m[39m
     [33m[2mÔ£ô[22m[39m renders the main heading correctly [33m 365[2mms[22m[39m
 [32mÔ£ô[39m src/features/training/__tests__/TvMode.test.tsx [2m([22m[2m11 tests[22m[2m)[22m[33m 394[2mms[22m[39m
 [32mÔ£ô[39m tests/unit/features/dashboard/StatsHeader.test.tsx [2m([22m[2m4 tests[22m[2m)[22m[32m 77[2mms[22m[39m
 [32mÔ£ô[39m tests/unit/actions/integrations/core.test.ts [2m([22m[2m9 tests[22m[2m)[22m[32m 56[2mms[22m[39m
 [32mÔ£ô[39m tests/unit/actions/titan/core.test.ts [2m([22m[2m8 tests[22m[2m)[22m[32m 63[2mms[22m[39m
 [32mÔ£ô[39m tests/unit/factory.test.ts [2m([22m[2m4 tests[22m[2m)[22m[32m 46[2mms[22m[39m
 [32mÔ£ô[39m tests/unit/features/dashboard/QuickActions.test.tsx [2m([22m[2m2 tests[22m[2m)[22m[32m 84[2mms[22m[39m
 [32mÔ£ô[39m tests/integration/actions/user-actions.test.ts [2m([22m[2m2 tests[22m[2m)[22m[32m 34[2mms[22m[39m
 [32mÔ£ô[39m tests/unit/app/api/cron/power-rating/route.test.ts [2m([22m[2m9 tests[22m[2m)[22m[32m 39[2mms[22m[39m
 [32mÔ£ô[39m tests/unit/app/api/sync/user/route.test.ts [2m([22m[2m7 tests[22m[2m)[22m[32m 32[2mms[22m[39m
 [32mÔ£ô[39m tests/unit/lib/integrations.test.ts [2m([22m[2m8 tests[22m[2m)[22m[32m 35[2mms[22m[39m
 [32mÔ£ô[39m tests/unit/actions/systems/battle-pass.test.ts [2m([22m[2m9 tests[22m[2m)[22m[32m 30[2mms[22m[39m
 [32mÔ£ô[39m tests/unit/app/api/sync/sync.test.ts [2m([22m[2m4 tests[22m[2m)[22m[32m 29[2mms[22m[39m
 [32mÔ£ô[39m tests/unit/features/strength/history.test.ts [2m([22m[2m7 tests[22m[2m)[22m[32m 21[2mms[22m[39m
[90mstdout[2m | tests/unit/actions/training/core.test.ts[2m > [22m[2mTraining Actions[2m > [22m[2mlogTitanSet[2m > [22m[2mshould log set and award rewards
[22m[39m[MUTATION] XP: +20 from WORKOUT for test-user
[MUTATION] Economy: {"kineticEnergy":20} from WORKOUT

 [32mÔ£ô[39m tests/unit/actions/training/core.test.ts [2m([22m[2m5 tests[22m[2m)[22m[32m 50[2mms[22m[39m
 [32mÔ£ô[39m tests/unit/actions/progression/core.test.ts [2m([22m[2m6 tests[22m[2m)[22m[32m 24[2mms[22m[39m
 [32mÔ£ô[39m tests/unit/actions/social/core.test.ts [2m([22m[2m7 tests[22m[2m)[22m[32m 23[2mms[22m[39m
 [32mÔ£ô[39m tests/unit/actions/duel.test.ts [2m([22m[2m8 tests[22m[2m)[22m[32m 20[2mms[22m[39m
 [32mÔ£ô[39m tests/unit/actions/user/logger.test.ts [2m([22m[2m4 tests[22m[2m)[22m[32m 21[2mms[22m[39m
[90mstdout[2m | tests/unit/actions/integrations/strava.test.ts[2m > [22m[2mStrava Server Actions[2m > [22m[2msyncStravaActivitiesAction[2m > [22m[2mshould sync new activities
[22m[39mProcessing cardio for user test-user-id: Run 5km 0m elevation

 [32mÔ£ô[39m tests/unit/actions/integrations/strava.test.ts [2m([22m[2m7 tests[22m[2m)[22m[32m 33[2mms[22m[39m
 [32mÔ£ô[39m tests/unit/actions/guild/core.test.ts [2m([22m[2m6 tests[22m[2m)[22m[32m 19[2mms[22m[39m
 [32mÔ£ô[39m tests/integration/OracleFlow.test.ts [2m([22m[2m2 tests[22m[2m)[22m[32m 22[2mms[22m[39m
 [32mÔ£ô[39m tests/unit/actions/integrations/intervals.test.ts [2m([22m[2m8 tests[22m[2m)[22m[32m 16[2mms[22m[39m
[90mstdout[2m | tests/unit/services/data/TrainingContextService.test.ts[2m > [22m[2mTrainingContextService[2m > [22m[2mgetTrainingContext[2m > [22m[2mshould return context with readiness and volume
[22m[39mAutoSpec: Evaluating transition from ALPHA {
  ctl: [33m0[39m,
  atl: [33m0[39m,
  tsb: [33m0[39m,
  hrv: [33m80[39m,
  sleepScore: [33m85[39m,
  bodyBattery: [33m90[39m,
  strengthDelta: [33m0[39m,
  consecutiveStalls: [33m0[39m,
  weeksInPhase: [33m0[39m,
  nutritionMode: [32m'MAINTENANCE'[39m,
  sleepDebt: [33m0[39m,
  acwr: [33m1[39m,
  junkMilePercent: [33m0[39m,
  neuralLoad: [33m0[39m,
  impactLoad: [33m0[39m,
  interferenceEvents: [33m0[39m
}

[90mstdout[2m | tests/unit/services/data/TrainingContextService.test.ts[2m > [22m[2mTrainingContextService[2m > [22m[2mgetTrainingContext[2m > [22m[2mshould trigger warnings for low recovery
[22m[39mAutoSpec: Evaluating transition from ALPHA {
  ctl: [33m0[39m,
  atl: [33m0[39m,
  tsb: [33m0[39m,
  hrv: [33m50[39m,
  sleepScore: [33m50[39m,
  bodyBattery: [33m20[39m,
  strengthDelta: [33m0[39m,
  consecutiveStalls: [33m0[39m,
  weeksInPhase: [33m0[39m,
  nutritionMode: [32m'MAINTENANCE'[39m,
  sleepDebt: [33m3.5[39m,
  acwr: [33m1[39m,
  junkMilePercent: [33m0[39m,
  neuralLoad: [33m0[39m,
  impactLoad: [33m0[39m,
  interferenceEvents: [33m0[39m
}

[90mstdout[2m | tests/unit/services/data/TrainingContextService.test.ts[2m > [22m[2mTrainingContextService[2m > [22m[2mgetTrainingContext[2m > [22m[2mshould detect high cardio fatigue
[22m[39mAutoSpec: Evaluating transition from ALPHA {
  ctl: [33m0[39m,
  atl: [33m0[39m,
  tsb: [33m0[39m,
  hrv: [33m0[39m,
  sleepScore: [33m100[39m,
  bodyBattery: [33m80[39m,
  strengthDelta: [33m0[39m,
  consecutiveStalls: [33m0[39m,
  weeksInPhase: [33m0[39m,
  nutritionMode: [32m'MAINTENANCE'[39m,
  sleepDebt: [33m0[39m,
  acwr: [33m1[39m,
  junkMilePercent: [33m0[39m,
  neuralLoad: [33m0[39m,
  impactLoad: [33m0[39m,
  interferenceEvents: [33m0[39m
}

 [32mÔ£ô[39m tests/unit/services/data/TrainingContextService.test.ts [2m([22m[2m9 tests[22m[2m)[22m[32m 20[2mms[22m[39m
 [32mÔ£ô[39m tests/unit/lib/territory/tileUtils.test.ts [2m([22m[2m4 tests[22m[2m)[22m[32m 11[2mms[22m[39m
 [32mÔ£ô[39m tests/unit/actions/user/account.test.ts [2m([22m[2m4 tests[22m[2m)[22m[32m 20[2mms[22m[39m
 [32mÔ£ô[39m tests/unit/actions/combat/core.test.ts [2m([22m[2m6 tests[22m[2m)[22m[32m 18[2mms[22m[39m
 [32mÔ£ô[39m tests/unit/features/strength/custom-exercises.test.ts [2m([22m[2m4 tests[22m[2m)[22m[32m 17[2mms[22m[39m
 [32mÔ£ô[39m tests/unit/actions/leaderboards.test.ts [2m([22m[2m4 tests[22m[2m)[22m[32m 14[2mms[22m[39m
 [32mÔ£ô[39m tests/unit/actions/user/onboarding.test.ts [2m([22m[2m3 tests[22m[2m)[22m[32m 17[2mms[22m[39m
 [32mÔ£ô[39m tests/unit/services/game/GameContextService.test.ts [2m([22m[2m6 tests[22m[2m)[22m[32m 14[2mms[22m[39m
[90mstdout[2m | src/features/dashboard/__tests__/DashboardClient.test.tsx[2m > [22m[2mDashboardClient[2m > [22m[2mrenders the settings link by default
[22m[39m[ViewRouter] Rendering view: citadel ActiveQuest: [33mfalse[39m
[ViewRouter] Rendering view: citadel ActiveQuest: [33mfalse[39m

[90mstdout[2m | src/features/dashboard/__tests__/DashboardClient.test.tsx[2m > [22m[2mDashboardClient[2m > [22m[2mrenders dashboard content even if not configured (gate removed)
[22m[39m[ViewRouter] Rendering view: citadel ActiveQuest: [33mfalse[39m
[ViewRouter] Rendering view: citadel ActiveQuest: [33mfalse[39m

 [32mÔ£ô[39m src/features/dashboard/__tests__/DashboardClient.test.tsx [2m([22m[2m2 tests[22m[2m)[22m[32m 221[2mms[22m[39m
 [32mÔ£ô[39m tests/unit/services/game/GuildTerritoryService.test.ts [2m([22m[2m3 tests[22m[2m)[22m[32m 15[2mms[22m[39m
 [32mÔ£ô[39m tests/unit/services/TerritoryControlService.test.ts [2m([22m[2m4 tests[22m[2m)[22m[32m 14[2mms[22m[39m
 [32mÔ£ô[39m tests/unit/services/analytics/GrowthMetricsService.test.ts [2m([22m[2m6 tests[22m[2m)[22m[32m 15[2mms[22m[39m
 [32mÔ£ô[39m tests/unit/actions/validation.test.ts [2m([22m[2m5 tests[22m[2m)[22m[32m 16[2mms[22m[39m
 [32mÔ£ô[39m tests/unit/app/api/chat/route.test.ts [2m([22m[2m2 tests[22m[2m)[22m[32m 16[2mms[22m[39m
 [32mÔ£ô[39m tests/unit/services/progression.test.ts [2m([22m[2m6 tests[22m[2m)[22m[32m 13[2mms[22m[39m
 [32mÔ£ô[39m tests/unit/app/api/health/route.test.ts [2m([22m[2m2 tests[22m[2m)[22m[32m 16[2mms[22m[39m
 [32mÔ£ô[39m src/services/game/__tests__/PowerRatingService.test.ts [2m([22m[2m5 tests[22m[2m)[22m[32m 17[2mms[22m[39m
 [32mÔ£ô[39m tests/unit/actions/systems/challenges.test.ts [2m([22m[2m6 tests[22m[2m)[22m[32m 16[2mms[22m[39m
 [32mÔ£ô[39m tests/unit/lib/powerRating.test.ts [2m([22m[2m16 tests[22m[2m)[22m[32m 12[2mms[22m[39m
 [32mÔ£ô[39m tests/unit/actions/territory.test.ts [2m([22m[2m2 tests[22m[2m)[22m[32m 12[2mms[22m[39m
 [32mÔ£ô[39m tests/unit/actions/training/gauntlet.test.ts [2m([22m[2m6 tests[22m[2m)[22m[32m 15[2mms[22m[39m
 [32mÔ£ô[39m tests/unit/actions/user-actions.test.ts [2m([22m[2m3 tests[22m[2m)[22m[32m 14[2mms[22m[39m
 [32mÔ£ô[39m tests/unit/features/CardioDuel.test.ts [2m([22m[2m3 tests[22m[2m)[22m[32m 14[2mms[22m[39m
 [32mÔ£ô[39m tests/unit/actions/progression/achievements.test.ts [2m([22m[2m7 tests[22m[2m)[22m[32m 14[2mms[22m[39m
[90mstdout[2m | tests/unit/actions/pvp/core.test.ts[2m > [22m[2mPvP Server Actions[2m > [22m[2mcreateSegmentBattleAction[2m > [22m[2mshould create a segment battle challenge
[22m[39mUser user-1 challenged opponent-456 on segment segment-123

 [32mÔ£ô[39m tests/unit/actions/pvp/core.test.ts [2m([22m[2m6 tests[22m[2m)[22m[32m 14[2mms[22m[39m
 [32mÔ£ô[39m tests/unit/services/trainingMemoryManager.test.ts [2m([22m[2m15 tests[22m[2m)[22m[32m 14[2mms[22m[39m
 [32mÔ£ô[39m tests/unit/services/pvp/DuelRewardsService.test.ts [2m([22m[2m7 tests[22m[2m)[22m[32m 13[2mms[22m[39m
 [32mÔ£ô[39m tests/unit/services/oracle.test.ts [2m([22m[2m4 tests[22m[2m)[22m[32m 12[2mms[22m[39m
 [32mÔ£ô[39m tests/unit/services/GoalPriorityEngine.test.ts [2m([22m[2m9 tests[22m[2m)[22m[32m 11[2mms[22m[39m
[90mstdout[2m | tests/unit/actions/economy/forge.test.ts[2m > [22m[2mForge Server Actions[2m > [22m[2mshould successfully craft an item if resources are sufficient
[22m[39m[Forge] Crafted Iron Sword for test@example.com

 [32mÔ£ô[39m tests/unit/actions/economy/forge.test.ts [2m([22m[2m4 tests[22m[2m)[22m[32m 13[2mms[22m[39m
 [32mÔ£ô[39m src/services/game/__tests__/TerritoryService.test.ts [2m([22m[2m3 tests[22m[2m)[22m[32m 13[2mms[22m[39m
 [32mÔ£ô[39m tests/unit/actions/systems/world.test.ts [2m([22m[2m5 tests[22m[2m)[22m[32m 13[2mms[22m[39m
 [32mÔ£ô[39m tests/unit/utils/combatMechanics.test.ts [2m([22m[2m12 tests[22m[2m)[22m[32m 10[2mms[22m[39m
 [32mÔ£ô[39m tests/unit/actions/training/periodization.test.ts [2m([22m[2m6 tests[22m[2m)[22m[32m 12[2mms[22m[39m
 [32mÔ£ô[39m tests/unit/features/training/logic/zones.test.ts [2m([22m[2m11 tests[22m[2m)[22m[32m 9[2mms[22m[39m
 [32mÔ£ô[39m tests/unit/utils/apre.test.ts [2m([22m[2m11 tests[22m[2m)[22m[32m 10[2mms[22m[39m
 [32mÔ£ô[39m tests/unit/actions/integrations/hevy_import.test.ts [2m([22m[2m2 tests[22m[2m)[22m[32m 12[2mms[22m[39m
 [32mÔ£ô[39m tests/unit/services/MobilityAuditor.test.ts [2m([22m[2m5 tests[22m[2m)[22m[32m 11[2mms[22m[39m
 [32mÔ£ô[39m tests/unit/services/GeminiService.test.ts [2m([22m[2m3 tests[22m[2m)[22m[32m 7[2mms[22m[39m
 [32mÔ£ô[39m tests/unit/hooks/useSkillEffects.test.ts [2m([22m[2m7 tests[22m[2m)[22m[32m 10[2mms[22m[39m
 [32mÔ£ô[39m tests/unit/lib/volume.test.ts [2m([22m[2m4 tests[22m[2m)[22m[32m 8[2mms[22m[39m
 [32mÔ£ô[39m tests/unit/services/BudgetCalculator.test.ts [2m([22m[2m8 tests[22m[2m)[22m[32m 9[2mms[22m[39m
 [32mÔ£ô[39m tests/unit/data/workout_generator.test.ts [2m([22m[2m3 tests[22m[2m)[22m[32m 9[2mms[22m[39m
 [32mÔ£ô[39m tests/unit/features/training/logic/buffs.test.ts [2m([22m[2m7 tests[22m[2m)[22m[32m 9[2mms[22m[39m
 [32mÔ£ô[39m tests/unit/utils/volumeCalculator.test.ts [2m([22m[2m4 tests[22m[2m)[22m[32m 7[2mms[22m[39m
 [32mÔ£ô[39m tests/unit/utils/weaknessAuditor.test.ts [2m([22m[2m4 tests[22m[2m)[22m[32m 8[2mms[22m[39m
 [32mÔ£ô[39m tests/unit/lib/wilks.test.ts [2m([22m[2m4 tests[22m[2m)[22m[32m 6[2mms[22m[39m
 [32mÔ£ô[39m tests/unit/services/game/EffortCalculator.test.ts [2m([22m[2m4 tests[22m[2m)[22m[32m 7[2mms[22m[39m
 [32mÔ£ô[39m tests/unit/services/pvp/PvpCombatService.test.ts [2m([22m[2m2 tests[22m[2m)[22m[32m 7[2mms[22m[39m
[90mstdout[2m | tests/unit/services/planner.test.ts
[22m[39mMock factory for auditorOrchestrator running

[90mstdout[2m | tests/unit/services/planner.test.ts[2m > [22m[2mPlannerService[2m > [22m[2mshould generate a plan for a valid user
[22m[39mPlanner: Generating plan for user user1

[90mstdout[2m | tests/unit/services/planner.test.ts[2m > [22m[2mPlannerService[2m > [22m[2mshould generate a plan for a valid user
[22m[39mPlanner: Plan generated and saved for user user1

 [32mÔ£ô[39m tests/unit/services/planner.test.ts [2m([22m[2m1 test[22m[2m)[22m[32m 7[2mms[22m[39m
 [32mÔ£ô[39m tests/unit/services/OracleService.test.ts [2m([22m[2m2 tests[22m[2m)[22m[32m 6[2mms[22m[39m
 [32mÔ£ô[39m tests/unit/services/integration/GPE_Fallback.test.ts [2m([22m[2m3 tests[22m[2m)[22m[32m 4[2mms[22m[39m
 [32mÔ£ô[39m src/actions/systems/__tests__/territories.test.ts [2m([22m[2m1 test[22m[2m)[22m[32m 5[2mms[22m[39m
 [32mÔ£ô[39m tests/unit/actions/pvp/ranked.test.ts [2m([22m[2m2 tests[22m[2m)[22m[32m 4[2mms[22m[39m
 [32mÔ£ô[39m tests/unit/actions/pvp/segment.test.ts [2m([22m[2m1 test[22m[2m)[22m[32m 3[2mms[22m[39m
 [32mÔ£ô[39m tests/unit/actions/pvp/duel.test.ts [2m([22m[2m3 tests[22m[2m)[22m[32m 3[2mms[22m[39m
 [32mÔ£ô[39m tests/unit/features/territory/territory.test.ts [2m([22m[2m1 test[22m[2m)[22m[32m 4[2mms[22m[39m
 [2m[90mÔåô[39m[22m tests/unit/actions/integrations/hevy.test.ts [2m([22m[2m6 tests[22m[2m | [22m[33m6 skipped[39m[2m)[22m

[2m Test Files [22m [1m[31m1 failed[39m[22m[2m | [22m[1m[32m88 passed[39m[22m[2m | [22m[33m1 skipped[39m[90m (90)[39m
[2m      Tests [22m [1m[31m2 failed[39m[22m[2m | [22m[1m[32m469 passed[39m[22m[2m | [22m[33m6 skipped[39m[90m (477)[39m
[2m   Start at [22m 22:06:23
[2m   Duration [22m 23.38s[2m (transform 8.80s, setup 2.89s, import 48.12s, tests 4.12s, environment 143.38s)[22m

