
> ironforge-rpg@1.0.0 check-types
> tsc --project tsconfig.build.json --noEmit

remotion.config.ts(4,8): error TS2339: Property 'setVideoImageFormat' does not exist on type '{}'.
remotion.config.ts(5,8): error TS2339: Property 'setEntryPoint' does not exist on type '{}'.
remotion.config.ts(6,8): error TS2339: Property 'setBrowserExecutable' does not exist on type '{}'.
src/actions/systems/territory.ts(6,10): error TS2305: Module '"@/services/game/TerritoryService"' has no exported member 'getUserTerritoryStats'.
src/actions/systems/territory.ts(42,52): error TS7006: Parameter 'c' implicitly has an 'any' type.
src/app/api/cron/maintenance/daily/route.ts(4,10): error TS2305: Module '"@/services/game/TerritoryService"' has no exported member 'distributeDailyIncome'.
src/app/api/cron/maintenance/weekly/route.ts(3,10): error TS2305: Module '"@/services/game/TerritoryService"' has no exported member 'runWeeklySettlement'.
src/app/api/cron/territory/income/route.ts(2,10): error TS2305: Module '"@/services/game/TerritoryService"' has no exported member 'distributeDailyIncome'.
src/app/api/cron/territory/settlement/route.ts(2,10): error TS2305: Module '"@/services/game/TerritoryService"' has no exported member 'runWeeklySettlement'.
src/app/api/webhooks/intervals/route.ts(8,10): error TS2305: Module '"@/services/game/TerritoryService"' has no exported member 'conquestFromActivity'.
src/components/factory/RenderVideoForm.tsx(7,26): error TS2307: Cannot find module '@/components/ui/textarea' or its corresponding type declarations.
src/components/factory/RenderVideoForm.tsx(76,28): error TS7006: Parameter 'e' implicitly has an 'any' type.
src/components/game/pvp/SeasonRewards.tsx(2,26): error TS1149: File name 'C:/Users/alexa/Workspaces/IronForge/src/components/ui/progress.tsx' differs from already included file name 'C:/Users/alexa/Workspaces/IronForge/src/components/ui/Progress.tsx' only in casing.
  The file is in the program because:
    Imported via "@/components/ui/Progress" from file 'C:/Users/alexa/Workspaces/IronForge/src/features/guild/TerritoryCard.tsx'
    Imported via "@/components/ui/progress" from file 'C:/Users/alexa/Workspaces/IronForge/src/features/gamification/components/battle-pass/BattlePassView.tsx'
    Imported via "@/components/ui/progress" from file 'C:/Users/alexa/Workspaces/IronForge/src/components/game/pvp/SeasonRewards.tsx'
    Matched by include pattern '**/*.tsx' in 'tsconfig.build.json'
    Imported via "@/components/ui/progress" from file 'C:/Users/alexa/Workspaces/IronForge/src/features/pvp/components/CardioDuelCard.tsx'
src/components/ui/PRCelebration.tsx(161,16): error TS2339: Property 'getWeek' does not exist on type 'Date'.
src/features/gamification/components/battle-pass/BattlePassView.tsx(5,26): error TS1149: File name 'C:/Users/alexa/Workspaces/IronForge/src/components/ui/progress.tsx' differs from already included file name 'C:/Users/alexa/Workspaces/IronForge/src/components/ui/Progress.tsx' only in casing.
  The file is in the program because:
    Imported via "@/components/ui/Progress" from file 'C:/Users/alexa/Workspaces/IronForge/src/features/guild/TerritoryCard.tsx'
    Imported via "@/components/ui/progress" from file 'C:/Users/alexa/Workspaces/IronForge/src/features/gamification/components/battle-pass/BattlePassView.tsx'
    Imported via "@/components/ui/progress" from file 'C:/Users/alexa/Workspaces/IronForge/src/components/game/pvp/SeasonRewards.tsx'
    Matched by include pattern '**/*.tsx' in 'tsconfig.build.json'
    Imported via "@/components/ui/progress" from file 'C:/Users/alexa/Workspaces/IronForge/src/features/pvp/components/CardioDuelCard.tsx'
src/features/guild/TerritoryCard.tsx(5,24): error TS1149: File name 'C:/Users/alexa/Workspaces/IronForge/src/components/ui/Button.tsx' differs from already included file name 'C:/Users/alexa/Workspaces/IronForge/src/components/ui/button.tsx' only in casing.
  The file is in the program because:
    Imported via "@/components/ui/button" from file 'C:/Users/alexa/Workspaces/IronForge/src/features/podcast/components/PocketCastsPlayer.tsx'
    Imported via "@/components/ui/button" from file 'C:/Users/alexa/Workspaces/IronForge/src/features/podcast/components/PodcastBrowser.tsx'
    Imported via "@/components/ui/button" from file 'C:/Users/alexa/Workspaces/IronForge/src/features/training/components/strava/StravaUpload.tsx'
    Imported via "./button" from file 'C:/Users/alexa/Workspaces/IronForge/src/components/ui/PRCelebration.tsx'
    Imported via "@/components/ui/button" from file 'C:/Users/alexa/Workspaces/IronForge/src/features/oracle/components/PushSubscriptionToggle.tsx'
    Imported via "@/components/ui/button" from file 'C:/Users/alexa/Workspaces/IronForge/src/features/training/RoutineSelector.tsx'
    Imported via "@/components/ui/button" from file 'C:/Users/alexa/Workspaces/IronForge/src/features/dashboard/TitansChoice.tsx'
    Imported via "@/components/ui/button" from file 'C:/Users/alexa/Workspaces/IronForge/src/features/training/components/SetInput.tsx'
    Imported via "@/components/ui/button" from file 'C:/Users/alexa/Workspaces/IronForge/src/features/strength/components/DungeonSessionView.tsx'
    Imported via "@/components/ui/button" from file 'C:/Users/alexa/Workspaces/IronForge/src/features/training/components/BerserkerMode.tsx'
    Imported via "@/components/ui/button" from file 'C:/Users/alexa/Workspaces/IronForge/src/features/training/components/BerserkerChoice.tsx'
    Imported via "@/components/ui/button" from file 'C:/Users/alexa/Workspaces/IronForge/src/features/game/TheForge.tsx'
    Imported via "@/components/ui/button" from file 'C:/Users/alexa/Workspaces/IronForge/src/features/settings/components/IntegrationsPanel.tsx'
    Imported via "@/components/ui/Button" from file 'C:/Users/alexa/Workspaces/IronForge/src/features/guild/TerritoryCard.tsx'
    Imported via "@/components/ui/button" from file 'C:/Users/alexa/Workspaces/IronForge/src/app/admin/cron/page.tsx'
    Imported via "@/components/ui/button" from file 'C:/Users/alexa/Workspaces/IronForge/src/features/gamification/components/battle-pass/RewardNode.tsx'
    Imported via "@/components/ui/button" from file 'C:/Users/alexa/Workspaces/IronForge/src/features/gamification/components/battle-pass/BattlePassView.tsx'
    Imported via "@/components/ui/button" from file 'C:/Users/alexa/Workspaces/IronForge/src/features/game/components/campaign/BluetoothDebug.tsx'
    Imported via "@/components/ui/button" from file 'C:/Users/alexa/Workspaces/IronForge/src/features/pvp/components/duel/DuelCard.tsx'
    Imported via "@/components/ui/button" from file 'C:/Users/alexa/Workspaces/IronForge/src/features/game/DuelArena.tsx'
    Imported via '@/components/ui/button' from file 'C:/Users/alexa/Workspaces/IronForge/src/features/pvp/components/EmotePicker.tsx'
    Imported via '@/components/ui/button' from file 'C:/Users/alexa/Workspaces/IronForge/src/features/pvp/components/duel/DuelVictoryScreen.tsx'
    Imported via '@/components/ui/button' from file 'C:/Users/alexa/Workspaces/IronForge/src/features/pvp/components/duel/ChallengeModal.tsx'
    Imported via "@/components/ui/button" from file 'C:/Users/alexa/Workspaces/IronForge/src/features/pvp/components/duel/CardioDuelModal.tsx'
    Imported via "@/components/ui/button" from file 'C:/Users/alexa/Workspaces/IronForge/src/app/iron-arena/ArenaClient.tsx'
    Imported via "@/components/ui/button" from file 'C:/Users/alexa/Workspaces/IronForge/src/components/logger/ExerciseSelector.tsx'
    Imported via "@/components/ui/button" from file 'C:/Users/alexa/Workspaces/IronForge/src/components/logger/SetLogger.tsx'
    Imported via "@/components/ui/button" from file 'C:/Users/alexa/Workspaces/IronForge/src/features/pvp/components/ranked/MatchmakingModal.tsx'
    Imported via "@/components/ui/button" from file 'C:/Users/alexa/Workspaces/IronForge/src/features/pvp/components/ranked/RankedArenaClient.tsx'
    Imported via "@/components/ui/button" from file 'C:/Users/alexa/Workspaces/IronForge/src/features/podcast/components/PocketCastsAuth.tsx'
    Imported via '@/components/ui/button' from file 'C:/Users/alexa/Workspaces/IronForge/src/components/factory/RenderVideoForm.tsx'
    Imported via "@/components/ui/button" from file 'C:/Users/alexa/Workspaces/IronForge/src/components/game/territory/TerritoryCard.tsx'
    Imported via "@/components/ui/button" from file 'C:/Users/alexa/Workspaces/IronForge/src/components/game/WorldMap.tsx'
    Imported via "@/components/ui/button" from file 'C:/Users/alexa/Workspaces/IronForge/src/components/mobility/MobilityStudio.tsx'
    Matched by include pattern '**/*.tsx' in 'tsconfig.build.json'
    Imported via "@/components/ui/button" from file 'C:/Users/alexa/Workspaces/IronForge/src/features/onboarding/components/FirstTimeHints.tsx'
    Imported via "@/components/ui/button" from file 'C:/Users/alexa/Workspaces/IronForge/src/features/pvp/components/CardioDuelCard.tsx'
    Imported via "@/components/ui/button" from file 'C:/Users/alexa/Workspaces/IronForge/src/features/pvp/components/CardioDuelLobby.tsx'
    Imported via "@/components/ui/button" from file 'C:/Users/alexa/Workspaces/IronForge/src/features/social/components/ShareableReplayCard.tsx'
    Imported via "@/components/ui/button" from file 'C:/Users/alexa/Workspaces/IronForge/src/features/training/components/QuestCompletion.tsx'
src/features/guild/TerritoryCard.tsx(6,26): error TS1261: Already included file name 'C:/Users/alexa/Workspaces/IronForge/src/components/ui/Progress.tsx' differs from file name 'C:/Users/alexa/Workspaces/IronForge/src/components/ui/progress.tsx' only in casing.
  The file is in the program because:
    Imported via "@/components/ui/Progress" from file 'C:/Users/alexa/Workspaces/IronForge/src/features/guild/TerritoryCard.tsx'
    Imported via "@/components/ui/progress" from file 'C:/Users/alexa/Workspaces/IronForge/src/features/gamification/components/battle-pass/BattlePassView.tsx'
    Imported via "@/components/ui/progress" from file 'C:/Users/alexa/Workspaces/IronForge/src/components/game/pvp/SeasonRewards.tsx'
    Matched by include pattern '**/*.tsx' in 'tsconfig.build.json'
    Imported via "@/components/ui/progress" from file 'C:/Users/alexa/Workspaces/IronForge/src/features/pvp/components/CardioDuelCard.tsx'
src/features/guild/TerritoryMap.tsx(11,26): error TS2307: Cannot find module '@/components/ui/use-toast' or its corresponding type declarations.
src/features/pvp/components/CardioDuelCard.tsx(4,26): error TS1149: File name 'C:/Users/alexa/Workspaces/IronForge/src/components/ui/progress.tsx' differs from already included file name 'C:/Users/alexa/Workspaces/IronForge/src/components/ui/Progress.tsx' only in casing.
  The file is in the program because:
    Imported via "@/components/ui/Progress" from file 'C:/Users/alexa/Workspaces/IronForge/src/features/guild/TerritoryCard.tsx'
    Imported via "@/components/ui/progress" from file 'C:/Users/alexa/Workspaces/IronForge/src/features/gamification/components/battle-pass/BattlePassView.tsx'
    Imported via "@/components/ui/progress" from file 'C:/Users/alexa/Workspaces/IronForge/src/components/game/pvp/SeasonRewards.tsx'
    Matched by include pattern '**/*.tsx' in 'tsconfig.build.json'
    Imported via "@/components/ui/progress" from file 'C:/Users/alexa/Workspaces/IronForge/src/features/pvp/components/CardioDuelCard.tsx'
src/features/strength/components/DungeonSessionView.tsx(534,8): error TS2741: Property 'username' is missing in type '{ isVisible: boolean; newReps: number; previousReps: number | null; exerciseName: string; onClose: () => void; }' but required in type 'PRCelebrationProps'.
src/features/strength/StrengthLog.tsx(137,8): error TS2741: Property 'username' is missing in type '{ isVisible: boolean; newReps: number; previousReps: number | null; exerciseName: string; onClose: () => void; }' but required in type 'PRCelebrationProps'.
src/services/game/TerritoryService.ts(148,33): error TS2339: Property 'getISOWeek' does not exist on type 'typeof TerritoryService'.
